<?php

namespace Modules\Blog\Enums\Api;

enum MyEnum
{
    //
}
