<?php

namespace Modules\Blog\Exceptions;

use Exception;

class MyException extends Exception
{
    //
}
