<?php

namespace Modules\Blog\Helpers\Api;

class MyHelper
{
    public function handle()
    {
        //
    }
}
