<?php

namespace Modules\Blog\Interfaces;

class MyInterface
{

}
