<?php

namespace Modules\Blog\Repositories\Api;

class MyRepository
{
    public function handle()
    {
        //
    }
}
