<?php

namespace Modules\Blog\Http\Resources;

use Illuminate\Http\Request;
use Illuminate\Http\Resources\Json\ResourceCollection;

class PostsTransformer extends ResourceCollection
{
    /**
     * Transform the resource collection into an array.
     */
    public function toArray(Request $request): array
    {
        return parent::toArray($request);
    }
}
