<?php

namespace Modules\Blog\Services;

class MyService
{
    public function handle()
    {
        //
    }
}
