<?php

namespace Modules\Blog\Traits;

trait MyTrait
{
    //
}
