<?php

namespace Modules\Blog\Traits\Api;

trait MyTrait
{
    //
}
