<?php

namespace Modules\Blog\Actions\Api;

class MyAction
{
    public function handle()
    {
        //
    }
}
