<?php

namespace Modules\Blog\Classes;

class Demo
{
    public function __construct()
    {
        //
    }
}
