<?php

namespace Modules\Blog\Classes\Api;

class Demo
{
    public function __construct()
    {
        //
    }
}
