<?php

namespace Modules\Blog\Enums;

enum MyEnum
{
    //
}
