<?php

namespace Modules\Blog\Exceptions\Api;

use Exception;

class MyException extends Exception
{
    //
}
