<?php

namespace Modules\Blog\Interfaces\Api;

class MyInterface
{

}
