<?php

namespace Modules\Blog\Repositories;

class MyRepository
{
    public function handle()
    {
        //
    }
}
