<?php

namespace Modules\Blog\Rules;

use Closure;
use Illuminate\Contracts\Validation\ValidationRule;

class UniqueRule implements ValidationRule
{
    /**
     * Run the validation rule.
     */
    public function validate(string $attribute, mixed $value, Closure $fail): void
    {
        //
    }
}
